[index-2.html]
[uc.js]
[backblue.gif]
[fade.gif]
[index.html]
[uploads/W8HMK2mQ/favicon.ico]
[6fb806f48d74516758aaa63056303e31/css/cookiebotVideoPlaceholder9a77.css]
[6fb806f48d74516758aaa63056303e31/css/grids9a77.css]
[6fb806f48d74516758aaa63056303e31/css/hcaptcha9a77.css]
[assets/user-style9490.css]
[assets/sitestyle9490.css]
[6fb806f48d74516758aaa63056303e31/css/external-libs9a77.css]
[uploads/2uBBvxsM/391x0_211x0/Logo.png]
[optometria-avanzada.html]
[terapia-visual.html]
[contactologia-avanzada.html]
[audiologia.html]
[contacto.html]
[tienda.html]
[gracias.html]
[aviso-legal.html]
[politica-de-privacidad.html]
[politica-de-cookies.html]
[declaracion-de-accesibilidad.html]
[uploads/vXYzImQ2/20230523_122440.jpg]
[uploads/6CX0HXOe/20230523_113011.jpg]
[uploads/x02zWsZY/servicios-centro-vision-urbano-300x225.jpg]
[uploads/sLe2tCHG/FotodeMariaSnchez1_915_124.jpg]
[uploads/6nQjhEIW/FotodeMariaSnchez2.jpg]
[uploads/9tcFCMeV/CONTACTOLOGIA-min.jpg]
[uploads/OPedeKHH/inicio31.jpg]
[uploads/TAVGJugA/inicio4_853_933.jpg]
[uploads/TUtMF2Qf/399x0_306x0/logooptica-PhotoRoom11.png]
[uploads/UtyrJH3w/737x0_1169x0/kit-digital-Logo-digitalizadores.jpg]
[6fb806f48d74516758aaa63056303e31/js/loader-polyfills9a77.js]
[6fb806f48d74516758aaa63056303e31/js/loader9a77.js]
[analytics.js]
[custGa0.set]
[index-2.html]
[6fb806f48d74516758aaa63056303e31/css/cookiebotVideoPlaceholder9a77.css]
[6fb806f48d74516758aaa63056303e31/css/cookiebotOverrideWidgetHide9a77.css]
[6fb806f48d74516758aaa63056303e31/js/reseller/padigital/s_code1.0.js]
[6fb806f48d74516758aaa63056303e31/css/fonts/fa-brands-400.woff2]
[6fb806f48d74516758aaa63056303e31/css/fonts/fa-regular-400.woff2]
[6fb806f48d74516758aaa63056303e31/css/fonts/fa-solid-900.woff2]
[6fb806f48d74516758aaa63056303e31/css/fonts/fa-v4compatibility.woff2]
[6fb806f48d74516758aaa63056303e31/css/fonts/fa-brands-400.ttf]
[6fb806f48d74516758aaa63056303e31/css/fonts/fa-regular-400.ttf]
[6fb806f48d74516758aaa63056303e31/css/fonts/fa-solid-900.ttf]
[6fb806f48d74516758aaa63056303e31/css/fonts/fa-v4compatibility.ttf]
[6fb806f48d74516758aaa63056303e31/css/grids9a77.css]
[6fb806f48d74516758aaa63056303e31/css/hcaptcha9a77.css]
[assets/fonts/fontello.eot]
[assets/fonts/fontellod41d.eot]
[assets/fonts/fontello.woff]
[assets/fonts/fontello.ttf]
[assets/fonts/nationale-demibold-webfont.eot]
[assets/fonts/nationale-demibold-webfontd41d.eot]
[assets/fonts/nationale-demibold-webfont.woff]
[assets/fonts/nationale-demibold-webfont.ttf]
[assets/fonts/nationale-extrabold-webfont.eot]
[assets/fonts/nationale-extrabold-webfontd41d.eot]
[assets/fonts/nationale-extrabold-webfont.woff]
[assets/fonts/nationale-extrabold-webfont.woff2]
[assets/fonts/nationale-extrabold-webfont.ttf]
[assets/fonts/nationale-regular-webfont.eot]
[assets/fonts/nationale-regular-webfontd41d.eot]
[assets/fonts/nationale-regular-webfont.woff]
[assets/fonts/nationale-regular-webfont.ttf]
[assets/css/img/loading-2x.png]
[assets/css/img/loading.png]
[assets/css/img/defaultImgPlaceholder.png]
[tactile/omnibox/reveal-entity-icons-20131112.png]
[assets/css/img/hcaptcha.png]
[assets/css/img/hcaptcha-badge-tool.png]
[assets/user-style9490.css]
[uploads/9ABRCFgy/image_369_14.png]
[uploads/LJviznOI/Diseosinttulo.png]
[uploads/YMe2a0fm/20220119_102014_548_992.jpg]
[uploads/ZRGTT46Z/CONTACTOLOGIA-min_459_87_66_982.jpg]
[uploads/t9ibuG2S/Diseosinttulo1_89_227.png]
[assets/sitestyle9490.css]
[6fb806f48d74516758aaa63056303e31/css/images/marker-icon.png]
[6fb806f48d74516758aaa63056303e31/css/external-libs9a77.css]
[uploads/GFtsU88R/istockphoto-1087284932-612x6121.jpg]
[optometria-avanzada.html]
[uploads/iWFOTJaa/terapiavisual.jpg]
[uploads/TcQKQ0P6/istockphoto-1146304621-612x612_472.jpg]
[terapia-visual.html]
[uploads/BoQtwdXC/CONTACTOLOGIA2-min1.jpg]
[uploads/BpMX8MYx/QUERATOCONO.jpg]
[contactologia-avanzada.html]
[uploads/Zkse0PAR/audifonos-centro-vision-Huelva-1024x682.jpg]
[uploads/3okNbgwR/audiologia.jpg]
[uploads/YxSozkJR/moldesaudiologia.jpg]
[uploads/FIQGoKRP/audiometria.jpg]
[audiologia.html]
[contacto.html]
[tienda.html]
[gracias.html]
[aviso-legal.html]
[politica-de-privacidad.html]
[politica-de-cookies.html]
[declaracion-de-accesibilidad.html]
[custGa0.html]
[assets/css/img/hcaptcha-badge-tool.html]
[assets/fonts/fontello.svg]
[assets/fonts/nationale-demibold-webfont.svg]
[assets/fonts/nationale-extrabold-webfont.svg]
[assets/fonts/nationale-regular-webfont.svg]
[assets/css/img/hcaptcha-badge.svg]
[assets/css/icons/accordd.svg]
[assets/css/icons/ad.svg]
[assets/css/icons/ae.svg]
[assets/css/icons/af.svg]
[assets/css/icons/ag.svg]
[assets/css/icons/ai.svg]
[assets/css/icons/al.svg]
[assets/css/icons/am.svg]
[assets/css/icons/americanexpress.svg]
[assets/css/icons/ao.svg]
[assets/css/icons/aq.svg]
[assets/css/icons/ar.svg]
[assets/css/icons/as.svg]
[assets/css/icons/at.svg]
[assets/css/icons/au.svg]
[assets/css/icons/aw.svg]
[assets/css/icons/ax.svg]
[assets/css/icons/az.svg]
[assets/css/icons/ba.svg]
[assets/css/icons/bb.svg]
[assets/css/icons/bd.svg]
[assets/css/icons/be.svg]
[assets/css/icons/bf.svg]
[assets/css/icons/bg.svg]
[assets/css/icons/bh.svg]
[assets/css/icons/bi.svg]
[assets/css/icons/bj.svg]
[assets/css/icons/bl.svg]
[assets/css/icons/bm.svg]
[assets/css/icons/bn.svg]
[assets/css/icons/bo.svg]
[assets/css/icons/bq.svg]
[assets/css/icons/br.svg]
[assets/css/icons/bs.svg]
[assets/css/icons/bt.svg]
[assets/css/icons/bv.svg]
[assets/css/icons/bw.svg]
[assets/css/icons/by.svg]
[assets/css/icons/bz.svg]
[assets/css/icons/ca.svg]
[assets/css/icons/cash.svg]
[assets/css/icons/cc.svg]
[assets/css/icons/cd.svg]
[assets/css/icons/cf.svg]
[assets/css/icons/cg.svg]
[assets/css/icons/ch.svg]
[assets/css/icons/cheque.svg]
[assets/css/icons/ci.svg]
[assets/css/icons/ck.svg]
[assets/css/icons/cl.svg]
[assets/css/icons/cm.svg]
[assets/css/icons/cn.svg]
[assets/css/icons/co.svg]
[assets/css/icons/cr.svg]
[assets/css/icons/cu.svg]
[assets/css/icons/cv.svg]
[assets/css/icons/cw.svg]
[assets/css/icons/cx.svg]
[assets/css/icons/cy.svg]
[assets/css/icons/cz.svg]
[assets/css/icons/de.svg]
[assets/css/icons/dinersclub.svg]
[scriptd5fc.js]
[assets/css/icons/6.323]
[assets/css/icons/discover.svg]
[assets/css/icons/dj.svg]
[assets/css/icons/dk.svg]
[assets/css/icons/dm.svg]
[assets/css/icons/do.svg]
[assets/css/icons/dz.svg]
[assets/css/icons/ec.svg]
[assets/css/icons/ee.svg]
[assets/css/icons/eg.svg]
[assets/css/icons/eh.svg]
[assets/css/icons/emailtransfer.svg]
[assets/css/icons/er.svg]
[assets/css/icons/es.svg]
[assets/css/icons/es-pv.svg]
[assets/css/icons/et.svg]
[assets/css/icons/eu.svg]
[assets/css/icons/fi.svg]
[assets/css/icons/fj.svg]
[assets/css/icons/fk.svg]
[assets/css/icons/fm.svg]
[assets/css/icons/fo.svg]
[assets/css/icons/fr-cash.svg]
[assets/css/icons/fr-cheque.svg]
[assets/css/icons/fr-emailtransfer.svg]
[assets/css/icons/fr-giftcard.svg]
[assets/css/icons/fr-interac.svg]
[assets/css/icons/fr-interacetransfer.svg]
[assets/css/icons/fr-travelerscheque.svg]
[assets/css/icons/fr.svg]
[assets/css/icons/ga.svg]
[assets/css/icons/gb-eng.svg]
[assets/css/icons/gb-nir.svg]
[assets/css/icons/gb-sct.svg]
[assets/css/icons/gb-wls.svg]
[assets/css/icons/gb.svg]
[assets/css/icons/gd.svg]
[assets/css/icons/ge.svg]
[assets/css/icons/gf.svg]
[assets/css/icons/gg.svg]
[assets/css/icons/gh.svg]
[assets/css/icons/gi.svg]
[assets/css/icons/giftcard.svg]
[assets/css/icons/gl.svg]
[assets/css/icons/gm.svg]
[assets/css/icons/gn.svg]
[assets/css/icons/gp.svg]
[assets/css/icons/gq.svg]
[assets/css/icons/gr.svg]
[assets/css/icons/gs.svg]
[assets/css/icons/gt.svg]
[assets/css/icons/gu.svg]
[assets/css/icons/gw.svg]
[assets/css/icons/gy.svg]
[assets/css/icons/hk.svg]
[assets/css/icons/hm.svg]
[assets/css/icons/hn.svg]
[assets/css/icons/hr.svg]
[assets/css/icons/ht.svg]
[assets/css/icons/hu.svg]
[assets/css/icons/id.svg]
[assets/css/icons/ie.svg]
[assets/css/icons/il.svg]
[assets/css/icons/im.svg]
[assets/css/icons/in.svg]
[assets/css/icons/interac.svg]
[assets/css/icons/interacetransfer.svg]
[assets/css/icons/io.svg]
[assets/css/icons/iq.svg]
[assets/css/icons/ir.svg]
[assets/css/icons/is.svg]
[assets/css/icons/it.svg]
[assets/css/icons/je.svg]
[assets/css/icons/jm.svg]
[assets/css/icons/jo.svg]
[assets/css/icons/jp.svg]
[assets/css/icons/ke.svg]
[assets/css/icons/kg.svg]
[assets/css/icons/kh.svg]
[assets/css/icons/ki.svg]
[assets/css/icons/klarna.svg]
[assets/css/icons/km.svg]
[assets/css/icons/kn.svg]
[assets/css/icons/kp.svg]
[assets/css/icons/kr.svg]
[assets/css/icons/kw.svg]
[assets/css/icons/ky.svg]
[assets/css/icons/kz.svg]
[assets/css/icons/la.svg]
[assets/css/icons/lb.svg]
[assets/css/icons/lc.svg]
[assets/css/icons/li.svg]
[assets/css/icons/lk.svg]
[assets/css/icons/lr.svg]
[assets/css/icons/ls.svg]
[assets/css/icons/lt.svg]
[assets/css/icons/lu.svg]
[assets/css/icons/lv.svg]
[assets/css/icons/ly.svg]
[assets/css/icons/ma.svg]
[assets/css/icons/mastercard.svg]
[assets/css/icons/maestro.svg]
[assets/css/icons/mc.svg]
[assets/css/icons/md.svg]
[assets/css/icons/me.svg]
[assets/css/icons/mf.svg]
[assets/css/icons/mg.svg]
[assets/css/icons/mh.svg]
[assets/css/icons/mk.svg]
[assets/css/icons/ml.svg]
[assets/css/icons/mm.svg]
[assets/css/icons/mn.svg]
[assets/css/icons/mo.svg]
[assets/css/icons/mp.svg]
[assets/css/icons/mq.svg]
[assets/css/icons/mr.svg]
[assets/css/icons/ms.svg]
[assets/css/icons/mt.svg]
[assets/css/icons/mu.svg]
[assets/css/icons/mv.svg]
[assets/css/icons/mw.svg]
[assets/css/icons/mx.svg]
[assets/css/icons/my.svg]
[assets/css/icons/mz.svg]
[assets/css/icons/na.svg]
[assets/css/icons/nc.svg]
[assets/css/icons/ne.svg]
[assets/css/icons/nf.svg]
[assets/css/icons/ng.svg]
[assets/css/icons/ni.svg]
[assets/css/icons/nl.svg]
[assets/css/icons/no.svg]
[assets/css/icons/np.svg]
[assets/css/icons/nr.svg]
[assets/css/icons/nu.svg]
[assets/css/icons/nz.svg]
[assets/css/icons/om.svg]
[assets/css/icons/pa.svg]
[assets/css/icons/papal.svg]
[assets/css/icons/paypal.svg]
[assets/css/icons/pe.svg]
[assets/css/icons/pf.svg]
[assets/css/icons/pg.svg]
[assets/css/icons/ph.svg]
[assets/css/icons/pk.svg]
[assets/css/icons/pl.svg]
[assets/css/icons/postfinance.svg]
[assets/css/icons/pm.svg]
[assets/css/icons/pn.svg]
[assets/css/icons/pr.svg]
[assets/css/icons/ps.svg]
[assets/css/icons/pt.svg]
[assets/css/icons/pw.svg]
[assets/css/icons/py.svg]
[assets/css/icons/qa.svg]
[assets/css/icons/re.svg]
[assets/css/icons/ro.svg]
[assets/css/icons/rs.svg]
[assets/css/icons/ru.svg]
[assets/css/icons/rw.svg]
[assets/css/icons/sa.svg]
[assets/css/icons/sb.svg]
[assets/css/icons/sc.svg]
[assets/css/icons/sd.svg]
[assets/css/icons/se.svg]
[assets/css/icons/sg.svg]
[assets/css/icons/sh.svg]
[assets/css/icons/si.svg]
[assets/css/icons/sj.svg]
[assets/css/icons/sk.svg]
[assets/css/icons/sl.svg]
[assets/css/icons/sm.svg]
[assets/css/icons/sn.svg]
[assets/css/icons/so.svg]
[assets/css/icons/sr.svg]
[assets/css/icons/ss.svg]
[assets/css/icons/st.svg]
[assets/css/icons/sv.svg]
[assets/css/icons/sx.svg]
[assets/css/icons/sy.svg]
[assets/css/icons/sz.svg]
[assets/css/icons/tc.svg]
[assets/css/icons/td.svg]
[assets/css/icons/tf.svg]
[assets/css/icons/tg.svg]
[assets/css/icons/th.svg]
[assets/css/icons/tj.svg]
[assets/css/icons/tk.svg]
[assets/css/icons/tl.svg]
[assets/css/icons/tm.svg]
[assets/css/icons/tn.svg]
[assets/css/icons/to.svg]
[assets/css/icons/tr.svg]
[assets/css/icons/travelerscheque.svg]
[assets/css/icons/tt.svg]
[assets/css/icons/tv.svg]
[assets/css/icons/tw.svg]
[assets/css/icons/tz.svg]
[assets/css/icons/ua.svg]
[assets/css/icons/ug.svg]
[assets/css/icons/um.svg]
[assets/css/icons/un.svg]
[assets/css/icons/us.svg]
[assets/css/icons/uy.svg]
[assets/css/icons/uz.svg]
[assets/css/icons/va.svg]
[assets/css/icons/vc.svg]
[assets/css/icons/ve.svg]
[assets/css/icons/vg.svg]
[assets/css/icons/vi.svg]
[assets/css/icons/visa.svg]
[assets/css/icons/vn.svg]
[assets/css/icons/vu.svg]
[assets/css/icons/wf.svg]
[assets/css/icons/ws.svg]
[assets/css/icons/ye.svg]
[assets/css/icons/yt.svg]
[assets/css/icons/za.svg]
[assets/css/icons/zm.svg]
[assets/css/icons/zw.svg]
[assets/css/icons/bancontact.svg]
[assets/css/icons/cashicon.svg]
[assets/css/icons/ecocheques.svg]
[assets/css/icons/ticketrestaurant.svg]
[assets/css/icons/visaelectron.svg]
[assets/css/icons/facturatie.svg]
[assets/css/icons/edenred.svg]
[assets/css/icons/eurosymbolblack.svg]
[assets/css/icons/sodexo.svg]
[assets/css/icons/mobilepay.svg]
[assets/css/icons/twint.svg]
[assets/css/icons/vpay.svg]
[assets/css/icons/vipps.svg]
[6fb806f48d74516758aaa63056303e31/css/images/layers.html]
[6fb806f48d74516758aaa63056303e31/css/images/layers-2x.html]
[6fb806f48d74516758aaa63056303e31/css/images/geocoder.html]
[6fb806f48d74516758aaa63056303e31/css/images/throbber.html]
[assets/css/icons/6.html]
[assets/css/icons/es-ct.svg]
[assets/css/icons/es-ga.svg]
